// Jest Snapshot v1, https://jestjs.io/docs/snapshot-testing

exports[`OutlinedCard component Matches the snapshot 1`] = `
<div
  class="rounded-lg border bg-card text-card-foreground shadow-sm min-w-[275px]"
>
  <div
    class="p-6"
  >
    <p
      class="text-sm text-muted-foreground mb-2"
    >
      Headline
    </p>
    <div
      class="text-2xl font-semibold"
    >
      Value
    </div>
    <p
      class="mt-1.5 text-foreground"
    >
      Description
    </p>
  </div>
</div>
`;
