// Jest Snapshot v1, https://goo.gl/fbAQLP

exports[`OutlinedCard component Matches the snapshot 1`] = `
<div
  className="MuiBox-root css-12dv9jb"
>
  <div
    className="MuiPaper-root MuiPaper-outlined MuiPaper-rounded MuiCard-root css-1v5z4dq-MuiPaper-root-MuiCard-root"
  >
     
    <div
      className="MuiCardContent-root css-46bh2p-MuiCardContent-root"
    >
      <p
        className="MuiTypography-root MuiTypography-body1 MuiTypography-gutterBottom css-16m3jxf-MuiTypography-root"
      >
        Headline
      </p>
      <div
        className="MuiTypography-root MuiTypography-h3 css-gepadz-MuiTypography-root"
      >
        Value
      </div>
      <p
        className="MuiTypography-root MuiTypography-body1 css-12302iu-MuiTypography-root"
      >
        Description
      </p>
    </div>
  </div>
</div>
`;
